// Jest Snapshot v1, https://goo.gl/fbAQLP

exports[`PollJoin.vue should render 1`] = `
<div class="Container">
  <div>Qui est le meilleur ?</div>
</div>
`;
